// Jest Snapshot v1, https://goo.gl/fbAQLP

exports[`renders snapshot correctly 1`] = `
<div
  className="container"
>
  <div
    className="jumbotron"
  >
    <div
      id="ad-content"
    >
      <a
        className="row"
        href="www.test.com"
        rel="noopener noreferrer"
        target="_blank"
      >
        <b>
          Title
        </b>
        Â 
        message
      </a>
      <p
        className="row"
      >
        COMMUNITY AD
      </p>
    </div>
  </div>
</div>
`;
