// Jest Snapshot v1, https://goo.gl/fbAQLP

exports[`renders snapshot correctly when activeTab is '' 1`] = `
<div
  className="nav nav-tabs"
>
  <li
    className="nav-item"
  >
    <a
      className="nav-link active"
      href="/"
      onClick={[Function]}
    >
       
      Speed Test
       
    </a>
  </li>
  <li
    className="nav-item"
  >
    <a
      className="nav-link"
      href="/Results"
      onClick={[Function]}
    >
       
      Your Results
       
    </a>
  </li>
  <li
    className="nav-item"
  >
    <a
      className="nav-link"
      href="/Stats"
      onClick={[Function]}
    >
       
      Global Statistics
       
    </a>
  </li>
  <li
    className="nav-item"
  >
    <a
      className="nav-link"
      href="/Info"
      onClick={[Function]}
    >
       
      More Info
       
    </a>
  </li>
  <li
    className="nav-item"
  >
    <a
      className="nav-link font-weight-bold"
      href="/BuildAd"
      onClick={[Function]}
    >
       
      Advertise
       
    </a>
  </li>
</div>
`;
