// Jest Snapshot v1, https://goo.gl/fbAQLP

exports[`renders snapshot correctly 1`] = `
<tr
  className=""
>
  <td />
  <td />
  <td>
     nano
  </td>
  <td>
    Pending...
  </td>
  <td>
    Pending...
  </td>
  <td>
    Pending...
  </td>
  <td>
    Pending...
  </td>
</tr>
`;
