// Jest Snapshot v1, https://goo.gl/fbAQLP

exports[`renders base snapshot correctly 1`] = `null`;

exports[`renders multi snapshot correctly 1`] = `null`;

exports[`renders two cities snapshot correctly 1`] = `null`;
